>seq1
GGTGGACCCTCAGATTCAACTGGCAGTAACCAGAATGGA-GAACGCAGTGGGGCGCGATCAAAAC
GGTGGACCCTCAGATTCAACTGGTAGTAATCATAATGGAAGCAAGGAGTGGGGCGCAATCATAAC
Score: 46
Start position in database sequence: 51.0
End position in database sequence: 115.0
>seq2
GCTTGACAGATTGAACCAGCTTGAGAGCAAAATGTCTGGTAAAGGCCAACAACAACAAGGCCAAACTGTCACTA
GCTTGACAGATTGAACCAGCTTGAGAGCAAAATGTCTGGTAAAGGCCAACAACAACAAGGCCAAACTGTCACTA
Score: 111
Start position in database sequence: 668.0
End position in database sequence: 741.0
>seq3
Query not found!!Query not found!!Score: -1
